(model
  (y f64 (f64 nan))
  (z f64 (f64 infinity))
  (w f64 (f64 -3.38460706455e+125))
  (v f64 (f64 1.))
  (x f64 (f64 314159265359.)))