(model
  (w bool false)
  (z bool true)
  (x bool true)
  (y bool true))